components/MainApp.tsx(2727,14): error TS2741: Property 'setCurrentTab' is missing in type '{ data: { rooms: RoomType[]; services: Service[]; teamMembers: any; roomsLoading: boolean; servicesLoading: boolean; teamLoading: boolean; id: Branch; fullName: string; tagline: string; location: { ...; }; gallery: string[]; contact: { ...; }; }; activeBranch: Branch; setCursorLabel: Dispatch<...>; openImmersive: (s...' but required in type 'GallerySectionProps'.
constants.tsx(66,5): error TS2418: Type of computed property's value is '{ id: Branch.NDERA; fullName: string; tagline: string; location: { lat: number; lng: number; address: string; distance: string; }; rooms: { id: string; name: string; description: string; longDescription: string; ... 4 more ...; view3D: string; }[]; services: any[]; gallery: string[]; contact: { ...; }; }', which is not assignable to type 'BranchData'.
  Property 'teamMembers' is missing in type '{ id: Branch.NDERA; fullName: string; tagline: string; location: { lat: number; lng: number; address: string; distance: string; }; rooms: { id: string; name: string; description: string; longDescription: string; ... 4 more ...; view3D: string; }[]; services: any[]; gallery: string[]; contact: { ...; }; }' but required in type 'BranchData'.
constants.tsx(237,5): error TS2418: Type of computed property's value is '{ id: Branch.KANOMBE; fullName: string; tagline: string; location: { lat: number; lng: number; address: string; distance: string; }; rooms: { id: string; name: string; description: string; longDescription: string; ... 4 more ...; view3D: string; }[]; services: any[]; gallery: string[]; contact: { ...; }; }', which is not assignable to type 'BranchData'.
  Property 'teamMembers' is missing in type '{ id: Branch.KANOMBE; fullName: string; tagline: string; location: { lat: number; lng: number; address: string; distance: string; }; rooms: { id: string; name: string; description: string; longDescription: string; ... 4 more ...; view3D: string; }[]; services: any[]; gallery: string[]; contact: { ...; }; }' but required in type 'BranchData'.
constants.tsx(338,5): error TS2418: Type of computed property's value is '{ id: Branch.KABEZA; fullName: string; tagline: string; location: { lat: number; lng: number; address: string; distance: string; }; rooms: { id: string; name: string; description: string; longDescription: string; ... 4 more ...; view3D: string; }[]; services: undefined[]; gallery: string[]; contact: { ...; }; }', which is not assignable to type 'BranchData'.
  Property 'teamMembers' is missing in type '{ id: Branch.KABEZA; fullName: string; tagline: string; location: { lat: number; lng: number; address: string; distance: string; }; rooms: { id: string; name: string; description: string; longDescription: string; ... 4 more ...; view3D: string; }[]; services: undefined[]; gallery: string[]; contact: { ...; }; }' but required in type 'BranchData'.
